// Jest Snapshot v1, https://goo.gl/fbAQLP

exports[`Rating component html matches the snapshot  1`] = `
Array [
  <div>
    <div>
      <h1>
        Rating Widget
      </h1>
    </div>
    <div
      className="box flex"
    >
      <RatingIcon
        index={1}
        onSaveRating={[Function]}
        rating={0}
      />
      <RatingIcon
        index={2}
        onSaveRating={[Function]}
        rating={0}
      />
      <RatingIcon
        index={3}
        onSaveRating={[Function]}
        rating={0}
      />
      <RatingIcon
        index={4}
        onSaveRating={[Function]}
        rating={0}
      />
      <RatingIcon
        index={5}
        onSaveRating={[Function]}
        rating={0}
      />
    </div>
    <div
      className="hideDiv"
      id="thanksDiv"
    >
      <FontAwesomeIcon
        border={false}
        className=""
        fixedWidth={false}
        flip={null}
        icon={
          Object {
            "icon": Array [
              512,
              512,
              Array [],
              "f058",
              "M504 256c0 136.967-111.033 248-248 248S8 392.967 8 256 119.033 8 256 8s248 111.033 248 248zM227.314 387.314l184-184c6.248-6.248 6.248-16.379 0-22.627l-22.627-22.627c-6.248-6.249-16.379-6.249-22.628 0L216 308.118l-70.059-70.059c-6.248-6.248-16.379-6.248-22.628 0l-22.627 22.627c-6.248 6.248-6.248 16.379 0 22.627l104 104c6.249 6.249 16.379 6.249 22.628.001z",
            ],
            "iconName": "check-circle",
            "prefix": "fas",
          }
        }
        inverse={false}
        listItem={false}
        mask={null}
        pull={null}
        pulse={false}
        rotation={null}
        size={null}
        spin={false}
        style={
          Object {
            "color": "green",
          }
        }
        swapOpacity={false}
        symbol={false}
        title=""
        transform={null}
      />
      <span>
        Thanks! You rated this 
        0
         stars.
      </span>
    </div>
  </div>,
]
`;
