// Jest Snapshot v1, https://goo.gl/fbAQLP

exports[`App component html matches the snapshot 1`] = `
Array [
  <div
    className="App"
  >
    <Rating />
    <Rating />
  </div>,
]
`;
